[themeim.com/demo/carsore/index.html]
[backblue.gif]
[fade.gif]
[index.html]
[themeim.com/demo/carsore/css/bootstrap.css]
[themeim.com/demo/carsore/css/niceselect.css]
[themeim.com/demo/carsore/css/style.css]
[themeim.com/demo/carsore/css/responsive.css]
[themeim.com/demo/carsore/css/color-switcher-design.css]
[themeim.com/demo/carsore/images/favicon.png]
[themeim.com/demo/carsore/index-2.html]
[themeim.com/demo/carsore/images/logo.png]
[themeim.com/demo/carsore/home-2.html]
[themeim.com/demo/carsore/about.html]
[themeim.com/demo/carsore/services.html]
[themeim.com/demo/carsore/services-detail.html]
[themeim.com/demo/carsore/blog.html]
[themeim.com/demo/carsore/news-detail.html]
[themeim.com/demo/carsore/team.html]
[themeim.com/demo/carsore/team-detail.html]
[themeim.com/demo/carsore/login.html]
[themeim.com/demo/carsore/signup.html]
[themeim.com/demo/carsore/privacy.html]
[themeim.com/demo/carsore/terms.html]
[themeim.com/demo/carsore/insurance-form.html]
[themeim.com/demo/carsore/not-found.html]
[themeim.com/demo/carsore/contact.html]
[themeim.com/demo/carsore/images/logo-small.png]
[themeim.com/demo/carsore/images/main-slider/pattern-1.png]
[themeim.com/demo/carsore/images/main-slider/pattern-2.png]
[themeim.com/demo/carsore/images/main-slider/pattern-3.png]
[themeim.com/demo/carsore/images/main-slider/pattern-4.png]
[themeim.com/demo/carsore/images/main-slider/pattern-6.png]
[themeim.com/demo/carsore/images/icons/slider-arrow.png]
[themeim.com/demo/carsore/images/main-slider/pattern-5.png]
[themeim.com/demo/carsore/images/main-slider/content-image.png]
[themeim.com/demo/carsore/images/background/pattern-2.png]
[themeim.com/demo/carsore/images/icons/icon-1.png]
[themeim.com/demo/carsore/images/resource/about.jpg]
[themeim.com/demo/carsore/images/resource/author-1.jpg]
[themeim.com/demo/carsore/images/icons/signature.png]
[themeim.com/demo/carsore/images/background/pattern-3.png]
[themeim.com/demo/carsore/images/background/pattern-4.png]
[themeim.com/demo/carsore/images/resource/service-1.jpg]
[themeim.com/demo/carsore/images/resource/service-2.jpg]
[themeim.com/demo/carsore/images/resource/service-3.jpg]
[themeim.com/demo/carsore/images/resource/choose.jpg]
[themeim.com/demo/carsore/images/resource/team-1.jpg]
[themeim.com/demo/carsore/images/resource/team-2.jpg]
[themeim.com/demo/carsore/images/resource/team-3.jpg]
[themeim.com/demo/carsore/images/resource/team-4.jpg]
[themeim.com/demo/carsore/images/resource/faq.jpg]
[themeim.com/demo/carsore/images/resource/testimonial.jpg]
[themeim.com/demo/carsore/images/icons/quote-icon.png]
[themeim.com/demo/carsore/images/resource/author-2.jpg]
[themeim.com/demo/carsore/images/resource/award.jpg]
[themeim.com/demo/carsore/images/resource/news-1.jpg]
[themeim.com/demo/carsore/images/resource/news-2.jpg]
[themeim.com/demo/carsore/images/resource/news-3.jpg]
[themeim.com/demo/carsore/images/clients/1.png]
[themeim.com/demo/carsore/images/clients/2.png]
[themeim.com/demo/carsore/images/clients/3.png]
[themeim.com/demo/carsore/images/clients/4.png]
[themeim.com/demo/carsore/images/clients/5.png]
[themeim.com/demo/carsore/images/background/pattern-5.png]
[themeim.com/demo/carsore/images/footer-logo.png]
[themeim.com/demo/carsore/js/jquery.js]
[themeim.com/demo/carsore/js/popper.min.js]
[themeim.com/demo/carsore/js/bootstrap.min.js]
[themeim.com/demo/carsore/js/jquery.fancybox.js]
[themeim.com/demo/carsore/js/appear.js]
[themeim.com/demo/carsore/js/parallax.min.js]
[themeim.com/demo/carsore/js/tilt.jquery.min.js]
[themeim.com/demo/carsore/js/jquery.paroller.min.js]
[themeim.com/demo/carsore/js/owl.js]
[themeim.com/demo/carsore/js/wow.js]
[themeim.com/demo/carsore/js/nav-tool.js]
[themeim.com/demo/carsore/js/jquery.nice-select.min.js]
[themeim.com/demo/carsore/js/jquery-ui.js]
[themeim.com/demo/carsore/js/jquery.mCustomScrollbar.concat.min.js]
[themeim.com/demo/carsore/js/script.js]
[themeim.com/demo/carsore/js/color-settings.js]
[themeim.com/demo/carsore/index.html]
[themeim.com/demo/carsore/css/bootstrap.css]
[themeim.com/demo/carsore/css/niceselect.css]
[themeim.com/demo/carsore/css/global.css]
[themeim.com/demo/carsore/css/header.css]
[themeim.com/demo/carsore/css/footer.css]
[themeim.com/demo/carsore/css/font-awesome.css]
[themeim.com/demo/carsore/css/flaticon.css]
[themeim.com/demo/carsore/css/owl.css]
[themeim.com/demo/carsore/css/preloader.css]
[themeim.com/demo/carsore/css/animate.css]
[themeim.com/demo/carsore/css/jquery-ui.css]
[themeim.com/demo/carsore/css/custom-animate.css]
[themeim.com/demo/carsore/css/jquery.fancybox.min.css]
[themeim.com/demo/carsore/css/jquery.mCustomScrollbar.min.css]
[themeim.com/demo/carsore/images/background/pattern-7.png]
[themeim.com/demo/carsore/images/background/contact-us-2-bg.png]
[themeim.com/demo/carsore/images/background/insurance-bg.png]
[themeim.com/demo/carsore/images/background/newsletter-bg.png]
[themeim.com/demo/carsore/css/style.css]
[themeim.com/demo/carsore/css/responsive.css]
[themeim.com/demo/carsore/css/color-switcher-design.css]
[themeim.com/demo/carsore/index-2.html]
[themeim.com/demo/carsore/images/logo-white.png]
[themeim.com/demo/carsore/images/background/home-2-header-bg.png]
[themeim.com/demo/carsore/images/gallery/left-bg-rect.png]
[themeim.com/demo/carsore/images/gallery/dotted-about-us-bg.png]
[themeim.com/demo/carsore/images/gallery/home-2-about-us-1.png]
[themeim.com/demo/carsore/images/gallery/home-2-about-us-2.png]
[themeim.com/demo/carsore/images/gallery/home-2-about-us-3.png]
[themeim.com/demo/carsore/images/background/box-item-bg.png]
[themeim.com/demo/carsore/images/background/planes-group.png]
[themeim.com/demo/carsore/images/background/footer-bg.png]
[themeim.com/demo/carsore/images/home-2-footer-logo.png]
[themeim.com/demo/carsore/home-2.html]
[themeim.com/demo/carsore/images/background/header-left-bg.png]
[themeim.com/demo/carsore/images/background/1.jpg]
[themeim.com/demo/carsore/images/background/pattern-8.png]
[themeim.com/demo/carsore/images/icons/signature-1.png]
[themeim.com/demo/carsore/images/resource/skill.jpg]
[themeim.com/demo/carsore/about.html]
[themeim.com/demo/carsore/images/background/5.jpg]
[themeim.com/demo/carsore/images/resource/experiance.jpg]
[themeim.com/demo/carsore/images/resource/price.png]
[themeim.com/demo/carsore/services.html]
[themeim.com/demo/carsore/images/background/6.jpg]
[themeim.com/demo/carsore/images/resource/services.jpg]
[themeim.com/demo/carsore/services-detail.html]
[themeim.com/demo/carsore/images/background/7.jpg]
[themeim.com/demo/carsore/images/background/pattern-9.png]
[themeim.com/demo/carsore/images/icons/load-icon.png]
[themeim.com/demo/carsore/blog.html]
[themeim.com/demo/carsore/images/resource/news-4.jpg]
[themeim.com/demo/carsore/images/resource/author-3.jpg]
[themeim.com/demo/carsore/images/resource/news-5.jpg]
[themeim.com/demo/carsore/images/resource/news-6.jpg]
[themeim.com/demo/carsore/images/resource/author-4.png]
[themeim.com/demo/carsore/images/resource/author-5.jpg]
[themeim.com/demo/carsore/images/resource/post-thumb-1.jpg]
[themeim.com/demo/carsore/images/resource/post-thumb-2.jpg]
[themeim.com/demo/carsore/images/resource/post-thumb-3.jpg]
[themeim.com/demo/carsore/images/resource/post-thumb-4.jpg]
[themeim.com/demo/carsore/images/resource/help.jpg]
[themeim.com/demo/carsore/news-detail.html]
[themeim.com/demo/carsore/images/background/4.jpg]
[themeim.com/demo/carsore/team.html]
[themeim.com/demo/carsore/images/resource/team-5.jpg]
[themeim.com/demo/carsore/team-detail.html]
[themeim.com/demo/carsore/login.html]
[themeim.com/demo/carsore/images/background/2.jpg]
[themeim.com/demo/carsore/signup.html]
[themeim.com/demo/carsore/images/background/3.jpg]
[themeim.com/demo/carsore/privacy.html]
[themeim.com/demo/carsore/terms.html]
[themeim.com/demo/carsore/images/background/insurance-form-right-bg.png]
[themeim.com/demo/carsore/images/resource/insurance.jpg]
[themeim.com/demo/carsore/insurance-form.html]
[themeim.com/demo/carsore/images/resource/not-found.png]
[themeim.com/demo/carsore/not-found.html]
[themeim.com/demo/carsore/images/background/contact-right-bg.png]
[themeim.com/demo/carsore/js/validate.js]
[themeim.com/demo/carsore/contact.html]
[themeim.com/demo/carsore/css/global.css]
[themeim.com/demo/carsore/css/header.css]
[themeim.com/demo/carsore/css/footer.css]
[themeim.com/demo/carsore/fonts/fa-brands-400.eot]
[themeim.com/demo/carsore/fonts/fa-brands-400d41d.eot]
[themeim.com/demo/carsore/fonts/fa-brands-400.woff2]
[themeim.com/demo/carsore/fonts/fa-brands-400.woff]
[themeim.com/demo/carsore/fonts/fa-brands-400.ttf]
[themeim.com/demo/carsore/fonts/fa-brands-400.svg]
[themeim.com/demo/carsore/fonts/fa-regular-400.eot]
[themeim.com/demo/carsore/fonts/fa-regular-400d41d.eot]
[themeim.com/demo/carsore/fonts/fa-regular-400.woff2]
[themeim.com/demo/carsore/fonts/fa-regular-400.woff]
[themeim.com/demo/carsore/fonts/fa-regular-400.ttf]
[themeim.com/demo/carsore/fonts/fa-regular-400.svg]
[themeim.com/demo/carsore/fonts/fa-solid-900.eot]
[themeim.com/demo/carsore/fonts/fa-solid-900d41d.eot]
[themeim.com/demo/carsore/fonts/fa-solid-900.woff]
[themeim.com/demo/carsore/fonts/fa-solid-900.ttf]
[themeim.com/demo/carsore/css/font-awesome.css]
[themeim.com/demo/carsore/fonts/fa-solid-900.svg]
[themeim.com/demo/carsore/fonts/flaticon.eot]
[themeim.com/demo/carsore/fonts/flaticond41d.eot]
[themeim.com/demo/carsore/fonts/flaticon.woff]
[themeim.com/demo/carsore/fonts/flaticon.ttf]
[themeim.com/demo/carsore/css/flaticon.css]
[themeim.com/demo/carsore/fonts/flaticon.svg]
[themeim.com/demo/carsore/images/cross-out.png]
[themeim.com/demo/carsore/css/owl.css]
[themeim.com/demo/carsore/css/preloader.css]
[themeim.com/demo/carsore/css/animate.css]
[themeim.com/demo/carsore/css/jquery-ui.css]
[themeim.com/demo/carsore/css/custom-animate.css]
[themeim.com/demo/carsore/css/jquery.fancybox.min.css]
[themeim.com/demo/carsore/css/jquery.mCustomScrollbar.min.css]
[themeim.com/demo/carsore/fonts/fa-brands-400.svg]
[themeim.com/demo/carsore/fonts/fa-regular-400.svg]
[themeim.com/demo/carsore/fonts/fa-solid-900.woff2]
[themeim.com/demo/carsore/fonts/fa-solid-900.svg]
[themeim.com/demo/carsore/fonts/flaticon.svg]
